=== [kh] start 01:16:24 ===
Environnement Local detecte. Ecriture directe sur le disque.
  [WARNING] TrainHyperParam_v2.SCENARIOS_ALL lists ['ot', 'rotor'] twice; de-duplicated for LOSO (see docstring).
  [WARNING] TrainHyperParam_v2.SCENARIOS_ALL lists ['ot', 'rotor'] twice; de-duplicated for LOSO (see docstring).
========================================================================================
  V4 Task 15: LEVEL 3 - closed-loop LOSO transfer
  folds=['kh']  optuna trials/fold=4 (classical 2)
  Held-out class excluded from ALL tuning, both arms.
  DEVIATION: protocol freezes 170 trials; running 4. Logged in the output.
========================================================================================

====================================================================================
  FOLD held-out = kh (kelvin_helmholtz)  |  tuned on ['ot', 'tearing', 'rotor']
====================================================================================

--- Pre-computing DNS traces for train/kh ---
Hot-Start captured at t=2.0016
DNS pre-computed: 1136 steps, 14 flux snapshots stored.
Hot-Start captured at t=0.3041
DNS pre-computed: 123 steps, 11 flux snapshots stored.
Hot-Start captured at t=0.2009
DNS pre-computed: 975 steps, 15 flux snapshots stored.
--- DNS pre-computation complete (train/kh) ---


--- Pre-computing DNS traces for held/kh ---
Hot-Start captured at t=0.9046
DNS pre-computed: 408 steps, 18 flux snapshots stored.
--- DNS pre-computation complete (held/kh) ---

  DNS traces ready in 182s
  [resume] qaoa_kh: 1/4 trials already stored
[WARNING] Violation CFL détéctée : 1.03 > 1.0.
[WARNING] Violation CFL détéctée : 1.03 > 1.0.
  QAOA tuning: 4 trials, best composite loss 0.2590, 4267s
[WARNING] Violation CFL détéctée : 1.01 > 1.0.
[WARNING] Violation CFL détéctée : 1.01 > 1.0.
[WARNING] Violation CFL détéctée : 1.03 > 1.0.
[WARNING] Violation CFL détéctée : 1.03 > 1.0.
