====================================================================================
  V4 T20 - Q-HAS run-to-run variance, fold ot
  5 Q-HAS runs + 2 classical (determinism control), identical inputs
  V1 fixes no RNG seed: Estimator/Sampler run at 256 shots.
====================================================================================
Environnement Local detecte. Ecriture directe sur le disque.

--- Pre-computing DNS traces for variance/ot ---
Hot-Start captured at t=2.0016
DNS pre-computed: 1136 steps, 14 flux snapshots stored.
--- DNS pre-computation complete (variance/ot) ---

  Q-HAS run 1/5: combined=0.2878 phys=0.1064 patch=0.7413
  Q-HAS run 2/5: combined=0.2937 phys=0.1129 patch=0.7457
  Q-HAS run 3/5: combined=0.3294 phys=0.1635 patch=0.7442
  Q-HAS run 4/5: combined=0.2955 phys=0.1327 patch=0.7026
  Q-HAS run 5/5: combined=0.3000 phys=0.1302 patch=0.7245
  classical run 1/2: combined=0.4386 phys=0.4845
  classical run 2/2: combined=0.4386 phys=0.4845

  --------------------------------------------------------------------------------
  metric          Q-HAS mean       std     range      CV   | classical range
  combined            0.3013    0.0163    0.0416   0.054   | 0.00e+00
  phys_score          0.1291    0.0222    0.0570   0.172   | 0.00e+00
  patch_ratio         0.7317    0.0184    0.0432   0.025   | 0.00e+00

  classical arm deterministic: True  (control — if False, the measurement chain itself is suspect)

  Q-HAS run-to-run std on phys : 0.02220  (CV 0.172)
  stored fold value 0.19403 sits at the 100th percentile of the draws
  gap / std, from the STORED draw : 13.09
  gap / std, from the MEAN draw   : 16.01   <- the one to quote
  => the between-arm gap is large against sampling noise; the
     direction survives, though the magnitude carries this spread.

  saved: t20_qhas_run_variance_ot.json (3628s)

V4 Task 20 complete.
