====================================================================================
  V4 T22 - fold rotor (mhd_rotor)  mode=leak-free
  unseen condition: slower, smaller rotor with a wider taper
====================================================================================
Environnement Local detecte. Ecriture directe sur le disque.
  LEAK-FREE: QAOA threshold 0.149598 -> 0.586392 (tuned on training classes only)
  classical reference: budget-matched threshold 0.0969 (forced)
  QAOA arm threshold = 0.5863920247793146
  classical threshold = 0.09687500000000002   (tuned on training classes only)

--- Pre-computing DNS traces for canonical/rotor ---
Hot-Start captured at t=0.2009
DNS pre-computed: 975 steps, 15 flux snapshots stored.
--- DNS pre-computation complete (canonical/rotor) ---


--- Pre-computing DNS traces for unseen/rotor ---
Hot-Start captured at t=0.2003
DNS pre-computed: 648 steps, 15 flux snapshots stored.
--- DNS pre-computation complete (unseen/rotor) ---


  DNS signature canonical=9.274266e+04  unseen=7.803497e+04
  relative shift: 15.8586%
    [qhas] canonical run 1/5: phys=0.90802 patch=0.2188   **ABORTED step 225**
    [qhas] canonical run 2/5: phys=0.74655 patch=0.1445   **ABORTED step 202**
    [qhas] canonical run 3/5: phys=0.81080 patch=0.1819   **ABORTED step 286**
