====================================================================================
  V4 T20 - Q-HAS run-to-run variance, fold kh
  5 Q-HAS runs + 2 classical (determinism control), identical inputs
  V1 fixes no RNG seed: Estimator/Sampler run at 256 shots.
====================================================================================
Environnement Local detecte. Ecriture directe sur le disque.

--- Pre-computing DNS traces for variance/kh ---
Hot-Start captured at t=0.9046
DNS pre-computed: 408 steps, 18 flux snapshots stored.
--- DNS pre-computation complete (variance/kh) ---

  Q-HAS run 1/5: combined=0.2590 phys=0.0015 patch=0.9028
  Q-HAS run 2/5: combined=0.2479 phys=0.0020 patch=0.8626
  Q-HAS run 3/5: combined=0.2393 phys=0.0031 patch=0.8299
  Q-HAS run 4/5: combined=0.2413 phys=0.0053 patch=0.8313
  Q-HAS run 5/5: combined=0.2626 phys=0.0042 patch=0.9084
  classical run 1/2: combined=0.1800 phys=0.0020
  classical run 2/2: combined=0.1800 phys=0.0020

  --------------------------------------------------------------------------------
  metric          Q-HAS mean       std     range      CV   | classical range
  combined            0.2500    0.0104    0.0232   0.042   | 0.00e+00
  phys_score          0.0032    0.0016    0.0039   0.489   | 0.00e+00
  patch_ratio         0.8670    0.0376    0.0785   0.043   | 0.00e+00

  classical arm deterministic: True  (control — if False, the measurement chain itself is suspect)

  fold's published Q-HAS vs classical phys gap : 0.0050
  Q-HAS run-to-run std on phys                 : 0.0016
  gap / std                                     : 3.15
  => the between-arm gap is large against sampling noise; the
     direction survives, though the magnitude carries this spread.

  saved: t20_qhas_run_variance_kh.json (3216s)

V4 Task 20 complete.
