====================================================================================
  V4 T20 - Q-HAS run-to-run variance, fold ot
  5 Q-HAS runs + 2 classical (determinism control), identical inputs
  V1 fixes no RNG seed: Estimator/Sampler run at 256 shots.
====================================================================================
Environnement Local detecte. Ecriture directe sur le disque.

--- Pre-computing DNS traces for variance/ot ---
Hot-Start captured at t=2.0016
DNS pre-computed: 1136 steps, 14 flux snapshots stored.
--- DNS pre-computation complete (variance/ot) ---

/home/user/BA_Proj/src/visual.py:19: RuntimeWarning: More than 20 figures have been opened. Figures created through the pyplot interface (`matplotlib.pyplot.figure`) are retained until explicitly closed and may consume too much memory. (To control this warning, see the rcParam `figure.max_open_warning`). Consider using `matplotlib.pyplot.close()`.
  fig, ax = plt.subplots(figsize=(10, 9))
  Q-HAS run 1/5: combined=0.2865 phys=0.1158 patch=0.7135
  Q-HAS run 2/5: combined=0.2917 phys=0.1004 patch=0.7701
  Q-HAS run 3/5: combined=0.2891 phys=0.0992 patch=0.7637
  Q-HAS run 4/5: combined=0.3093 phys=0.1342 patch=0.7469
  Q-HAS run 5/5: combined=0.2862 phys=0.0868 patch=0.7848
  classical run 1/2: combined=0.4386 phys=0.4845
  classical run 2/2: combined=0.4386 phys=0.4845

  --------------------------------------------------------------------------------
  metric          Q-HAS mean       std     range      CV   | classical range
  combined            0.2926    0.0096    0.0230   0.033   | 0.00e+00
  phys_score          0.1073    0.0182    0.0474   0.170   | 0.00e+00
  patch_ratio         0.7558    0.0273    0.0714   0.036   | 0.00e+00

  classical arm deterministic: True  (control — if False, the measurement chain itself is suspect)

  classical reference: budget-matched classical

  Q-HAS run-to-run std on phys : 0.01823  (CV 0.170)
  stored fold value 0.19403 sits at the 100th percentile of the draws
  gap / std, from the STORED draw : 6.11
  gap / std, from the MEAN draw   : 1.35   <- the one to quote
  => against sampling noise the between-arm gap is NOT large;
     a single run per arm cannot support a directional claim on
     the magnitude. Report the dominance count instead.

  saved: t20_qhas_run_variance_ot.json (3402s)

V4 Task 20 complete.
