====================================================================================
  V4 T22 - fold rotor (mhd_rotor)  mode=unseen-ic
  unseen condition: slower, smaller rotor with a wider taper
====================================================================================
Environnement Local detecte. Ecriture directe sur le disque.
  classical reference: budget-matched threshold 0.0969 (tuned arm ABORTED)
  QAOA arm threshold = 0.14959824837662078   <- LEAKED (fitted on all 4 classes)
  classical threshold = 0.09687500000000002   (tuned on training classes only)

--- Pre-computing DNS traces for canonical/rotor ---
Hot-Start captured at t=0.2009
DNS pre-computed: 975 steps, 15 flux snapshots stored.
--- DNS pre-computation complete (canonical/rotor) ---


--- Pre-computing DNS traces for unseen/rotor ---
Hot-Start captured at t=0.2003
DNS pre-computed: 648 steps, 15 flux snapshots stored.
--- DNS pre-computation complete (unseen/rotor) ---


  DNS signature canonical=9.274266e+04  unseen=7.803497e+04
  trajectory actually changed: True

  [qhas] canonical phys=0.1965 patch=0.3341
  [qhas] unseen    phys=0.0530 patch=0.3869   degradation x0.27

  [classical] canonical phys=0.0536 patch=0.3562
  [classical] unseen    phys=0.0282 patch=0.3835   degradation x0.53

  ------------------------------------------------------------------------------
  degradation on the unseen condition: Q-HAS x0.27  classical x0.53
  => the classical rule degrades more when the initial condition is new

  saved: t22_unseen_unseen-ic_rotor.json (1907s)

V4 Task 22 complete.
