================================================================================
  V4 T22d - attainable floor, fold tearing (harris_tearing)
  classical arm at threshold 0.05 = refine almost everything
================================================================================
Environnement Local detecte. Ecriture directe sur le disque.

--- Pre-computing DNS traces for canonical/tearing ---
Hot-Start captured at t=0.3041
DNS pre-computed: 123 steps, 11 flux snapshots stored.
--- DNS pre-computation complete (canonical/tearing) ---


--- Pre-computing DNS traces for unseen/tearing ---
Hot-Start captured at t=0.3059
DNS pre-computed: 99 steps, 11 flux snapshots stored.
--- DNS pre-computation complete (unseen/tearing) ---

  floor canonical: phys=0.00397 patch=0.9597
  floor unseen   : phys=0.00155 patch=0.6769

  distance to the attainable floor (phys / phys_floor)
  arm                     canonical                unseen
  qhas                        3.65x                 1.55x
  classical                   1.12x                 1.11x

  --------------------------------------------------------------------------
  => at least one arm remains well above the floor, so the
     arms still have room to differ: their ratio reflects the
     decision rules, not a shared ceiling on achievable error.

  saved: t22d_unseen_floor_tearing.json
