================================================================================
  V4 T22d - attainable floor, fold kh (kelvin_helmholtz)
  classical arm at threshold 0.05 = refine almost everything
================================================================================
Environnement Local detecte. Ecriture directe sur le disque.

--- Pre-computing DNS traces for canonical/kh ---
Hot-Start captured at t=0.9046
DNS pre-computed: 408 steps, 18 flux snapshots stored.
--- DNS pre-computation complete (canonical/kh) ---


--- Pre-computing DNS traces for unseen/kh ---
Hot-Start captured at t=0.9048
DNS pre-computed: 460 steps, 18 flux snapshots stored.
--- DNS pre-computation complete (unseen/kh) ---

/home/user/BA_Proj/src/visual.py:19: RuntimeWarning: More than 20 figures have been opened. Figures created through the pyplot interface (`matplotlib.pyplot.figure`) are retained until explicitly closed and may consume too much memory. (To control this warning, see the rcParam `figure.max_open_warning`). Consider using `matplotlib.pyplot.close()`.
  fig, ax = plt.subplots(figsize=(10, 9))
  floor canonical: phys=0.00126 patch=1.0000
  floor unseen   : phys=0.00166 patch=1.0000

  distance to the attainable floor (phys / phys_floor)
  arm                     canonical                unseen
  qhas                        2.90x                 2.28x
  classical                   1.33x                 1.39x

  --------------------------------------------------------------------------
  => at least one arm remains well above the floor, so the
     arms still have room to differ: their ratio reflects the
     decision rules, not a shared ceiling on achievable error.

  saved: t22d_unseen_floor_kh.json
