====================================================================================
  V4 T22 - fold tearing (harris_tearing)  mode=leak-free
  unseen condition: thinner current sheet, mode 2 instead of mode 1
====================================================================================
Environnement Local detecte. Ecriture directe sur le disque.
  LEAK-FREE: QAOA threshold 0.149598 -> 0.461610 (tuned on training classes only)
  classical reference: budget-matched threshold 0.4250 (forced)
  QAOA arm threshold = 0.46161012794549355
  classical threshold = 0.42500000000000004   (tuned on training classes only)

--- Pre-computing DNS traces for canonical/tearing ---
Hot-Start captured at t=0.3041
DNS pre-computed: 123 steps, 11 flux snapshots stored.
--- DNS pre-computation complete (canonical/tearing) ---


--- Pre-computing DNS traces for unseen/tearing ---
Hot-Start captured at t=0.3059
DNS pre-computed: 99 steps, 11 flux snapshots stored.
--- DNS pre-computation complete (unseen/tearing) ---


  DNS signature canonical=5.690435e+04  unseen=4.742551e+04
  relative shift: 16.6575%
    [qhas] canonical run 1/5: phys=5.37388 patch=0.4151
    [qhas] canonical run 2/5: phys=2.68513 patch=0.2473
    [qhas] canonical run 3/5: phys=4.60853 patch=0.4945
    [qhas] canonical run 4/5: phys=2.30734 patch=0.2306
    [qhas] canonical run 5/5: phys=3.70073 patch=0.5355
    [qhas] unseen run 1/5: phys=3.11374 patch=0.4070
    [qhas] unseen run 2/5: phys=2.54650 patch=0.3014
    [qhas] unseen run 3/5: phys=4.00302 patch=0.5131
    [qhas] unseen run 4/5: phys=0.26125 patch=0.3438
    [qhas] unseen run 5/5: phys=2.87559 patch=0.5509
  [qhas] canonical phys=3.73512+-1.28361  unseen phys=2.56002+-1.39400  degradation x0.69
    [classical] canonical run 1/2: phys=0.00443 patch=0.6250
    [classical] canonical run 2/2: phys=0.00443 patch=0.6250
    [classical] unseen run 1/2: phys=0.00172 patch=0.6250
    [classical] unseen run 2/2: phys=0.00172 patch=0.6250
  [classical] canonical phys=0.00443+-0.00000  unseen phys=0.00172+-0.00000  degradation x0.39

  ------------------------------------------------------------------------------
  degradation on the unseen condition: Q-HAS x0.69  classical x0.39
  => Q-HAS degrades more when the initial condition is new

  saved: t22_unseen_leak-free_tearing.json (2726s)

V4 Task 22 complete.
