Environnement Local detecte. Ecriture directe sur le disque.
====================================================================================
  V4 T25 - physics robustness, fold tearing (harris_tearing)
  2 extra initial condition(s), 3 Q-HAS draws each
  classical frontier anchored at the matched threshold 0.4250
====================================================================================

--- Pre-computing DNS traces for robust/canonical-tearing ---
Hot-Start captured at t=0.3041
DNS pre-computed: 123 steps, 11 flux snapshots stored.
--- DNS pre-computation complete (robust/canonical-tearing) ---

  canonical DNS signature = 5.690435e+04

  --- tearing_b: stronger field, thicker sheet, weaker seed ---

--- Pre-computing DNS traces for robust/tearing_b ---
Hot-Start captured at t=0.3064
DNS pre-computed: 153 steps, 11 flux snapshots stored.
--- DNS pre-computation complete (robust/tearing_b) ---

    DNS signature 6.819202e+04  shift vs canonical 19.8362%
    [qhas] 1/3: phys=0.50273 patch=0.7246
    [qhas] 2/3: phys=1.10009 patch=0.7298
    [qhas] 3/3: phys=0.98304 patch=0.8070
    [classical] thr=0.0638: phys=1.28902 patch=0.8742
    [classical] thr=0.2338: phys=0.01242 patch=0.6250
    [classical] thr=0.4250: phys=0.01242 patch=0.6250
    [classical] thr=0.6800: phys=9.65941 patch=0.2297
    [classical] thr=0.9350: phys=0.04345 patch=0.0156
    => Q-HAS 0.86195 vs frontier 0.67237 at budget 0.7538  ratio=1.28x
    [checkpoint] tearing_b

  --- tearing_c: thinner sheet, mode 3 ---

--- Pre-computing DNS traces for robust/tearing_c ---
Hot-Start captured at t=0.3052
DNS pre-computed: 111 steps, 11 flux snapshots stored.
--- DNS pre-computation complete (robust/tearing_c) ---

    DNS signature 5.226278e+04  shift vs canonical 8.1568%
    [qhas] 1/3: phys=0.01334 patch=0.7498
    [qhas] 2/3: phys=0.01121 patch=0.7080
    [qhas] 3/3: phys=0.01567 patch=0.8488
    [classical] thr=0.0638: phys=0.00592 patch=0.6250
    [classical] thr=0.2338: phys=0.00592 patch=0.6250
    [classical] thr=0.4250: phys=0.00592 patch=0.6250
    [classical] thr=0.6800: phys=10.65906 patch=0.2184
    [classical] thr=0.9350: phys=0.41609 patch=0.0156
    => budget 0.7689 OUTSIDE the swept range [0.0156, 0.6250] — no ratio
    [checkpoint] tearing_c

  ------------------------------------------------------------------------------
  direction held on 1/1 decidable condition(s) for fold tearing
  saved: t25_physics_robustness_tearing.json (2386s)

V4 Task 25 complete.
