Fig 13 — Sigma Ablation Study
threshold = 0.14959824837662078
trained σ = 0.02298137250311738


Kelvin-Helmholtz (KH):
  Baseline |ZZ| = 0.000000
     sigma   Active%          |ZZ|    Retention%
     0.023      15.1      0.000000           0.0
     0.030      19.7      0.000000           0.0
     0.050      32.9      0.000000           0.0
     0.100      70.6      0.000000           0.0
     0.150      75.6      0.000000           0.0
     0.200      79.8      0.000000           0.0
     0.300      87.9      0.000000           0.0
  Score distance: median=0.1107, mean=0.1712, frac<σ*=0.099

Harris Tearing (Tearing):
  Baseline |ZZ| = 0.000000
     sigma   Active%          |ZZ|    Retention%
     0.023       6.7      0.000000           0.0
     0.030       9.1      0.000000           0.0
     0.050      16.4      0.000000           0.0
     0.100      87.4      0.000000           0.0
     0.150      89.6      0.000000           0.0
     0.200      91.5      0.000000           0.0
     0.300      97.1      0.000000           0.0
  Score distance: median=0.1311, mean=0.1408, frac<σ*=0.042

MHD Rotor (Rotor):
  Baseline |ZZ| = 0.103759
     sigma   Active%          |ZZ|    Retention%
     0.023       2.8      0.006234           6.0
     0.030       3.8      0.007895           7.6
     0.050       7.0      0.012412          12.0
     0.100      98.7      0.022376          21.6
     0.150      99.2      0.031616          30.5
     0.200      99.6      0.041260          39.8
     0.300     100.0      0.059429          57.3
  Score distance: median=0.1483, mean=0.1389, frac<σ*=0.018

Orszag-Tang (OT):
  Baseline |ZZ| = 0.050059
     sigma   Active%          |ZZ|    Retention%
     0.023       4.0      0.003061           6.1
     0.030       5.6      0.004100           8.2
     0.050      11.9      0.007191          14.4
     0.100      98.9      0.013847          27.7
     0.150      99.5      0.019518          39.0
     0.200      99.8      0.024995          49.9
     0.300     100.0      0.033868          67.7
  Score distance: median=0.1147, mean=0.1074, frac<σ*=0.026
