============================================================
Figure 14: Boundary Correction Proof-of-Concept
============================================================

[1/3] Searching MHD scenarios for boundary cases...
  Searching KH (very early) (n_steps=3)...
  Searching KH (early) (n_steps=5)...
  Searching KH (mid-early) (n_steps=8)...
  Searching KH (mid) (n_steps=15)...
  Searching KH (late) (n_steps=25)...
  Searching OT (very early) (n_steps=3)...
  Searching OT (early) (n_steps=5)...
  Searching OT (mid-early) (n_steps=8)...
  Searching OT (mid) (n_steps=15)...
  Searching Tearing (very early) (n_steps=3)...
  Searching Tearing (early) (n_steps=5)...
  Searching Tearing (mid) (n_steps=15)...
  Searching Rotor (very early) (n_steps=3)...
  Searching Rotor (early) (n_steps=5)...
  Searching Rotor (mid) (n_steps=8)...
  Searching Rotor (mid) (n_steps=15)...
  Searching KH (very early) (n_steps=3)...
  Searching KH (early) (n_steps=5)...
  Searching KH (mid-early) (n_steps=8)...
  Searching KH (mid) (n_steps=15)...
  Searching KH (late) (n_steps=25)...
  Searching OT (very early) (n_steps=3)...
  Searching OT (early) (n_steps=5)...
  Searching OT (mid-early) (n_steps=8)...
  Searching OT (mid) (n_steps=15)...
  Searching Tearing (very early) (n_steps=3)...
  Searching Tearing (early) (n_steps=5)...
  Searching Tearing (mid) (n_steps=15)...
  Searching Rotor (very early) (n_steps=3)...
  Searching Rotor (early) (n_steps=5)...
  Searching Rotor (mid) (n_steps=8)...
  Searching Rotor (mid) (n_steps=15)...
  Searching KH (very early) (n_steps=3)...
  Searching KH (early) (n_steps=5)...
  Searching KH (mid-early) (n_steps=8)...
  Searching KH (mid) (n_steps=15)...
  Searching KH (late) (n_steps=25)...
  Searching OT (very early) (n_steps=3)...
  Searching OT (early) (n_steps=5)...
  Searching OT (mid-early) (n_steps=8)...
  Searching OT (mid) (n_steps=15)...
  Searching Tearing (very early) (n_steps=3)...
  Searching Tearing (early) (n_steps=5)...
  Searching Tearing (mid) (n_steps=15)...
  Searching Rotor (very early) (n_steps=3)...
  Searching Rotor (early) (n_steps=5)...
  Searching Rotor (mid) (n_steps=8)...
  Searching Rotor (mid) (n_steps=15)...
  (widened margin to 0.50 to find cases)

  Found 3 borderline cases
  #0: Rotor (mid) cell=(1, 0) score=0.629 dist=0.479 neighbors_above=4 classical_wrong=True
  #1: Rotor (mid) cell=(0, 1) score=0.565 dist=0.415 neighbors_above=4 classical_wrong=False
  #2: Rotor (mid) cell=(1, 1) score=0.640 dist=0.490 neighbors_above=4 classical_wrong=False

  Selected: Rotor (mid) cell=(1, 0) score=0.629

[2/3] Running QAOA on selected case...
  QAOA scores:
[[0.79884622 0.71793697]
 [0.7467332  0.73954938]]
  Classical scores:
[[0.70128709 0.56454865]
 [0.62863418 0.64006782]]
  Classical decisions:
[[ True  True]
 [ True  True]]
  QAOA decisions:
[[ True  True]
 [ True  True]]
  Ground truth:
[[False  True]
 [False  True]]

[3/3] Generating figure...
  Saved: /content/BA_Proj/figures_code/../figures/phase1/fig14_boundary_correction.png

Done.
