Fig 2: Early Detection (N=256, depth=5, 6 time-points, 1 trials)

==================================================
--- Kelvin-Helmholtz ---
  Trial 1/1
    t=  10: QA R=0.984 P=0.501 F1=0.664  |  CL R=1.000 P=0.487 F1=0.655
    t=  26: QA R=0.996 P=0.516 F1=0.680  |  CL R=1.000 P=0.486 F1=0.655
    t=  42: QA R=0.989 P=0.509 F1=0.673  |  CL R=1.000 P=0.485 F1=0.653
    t=  58: QA R=0.986 P=0.513 F1=0.675  |  CL R=1.000 P=0.484 F1=0.652
    t=  74: QA R=0.986 P=0.525 F1=0.685  |  CL R=1.000 P=0.481 F1=0.650
    t=  90: QA R=0.994 P=0.534 F1=0.695  |  CL R=1.000 P=0.481 F1=0.650
  Summary (1 trials, 6 timesteps):
    Recall  — QA: 0.989 +/- 0.000  CL: 1.000 +/- 0.000
    Precision — QA: 0.517 +/- 0.000  CL: 0.484 +/- 0.000
    F1      — QA: 0.679  CL: 0.652
    IoU     — QA: 0.920 +/- 0.000  CL: 0.984 +/- 0.000

==================================================
--- Harris Tearing ---
  Trial 1/1
    t=  10: QA R=0.975 P=0.744 F1=0.844  |  CL R=0.961 P=0.822 F1=0.886
    t=  22: QA R=0.971 P=0.786 F1=0.869  |  CL R=0.959 P=0.826 F1=0.888
    t=  34: QA R=0.951 P=0.820 F1=0.881  |  CL R=0.959 P=0.826 F1=0.888
    t=  47: QA R=0.947 P=0.863 F1=0.903  |  CL R=0.959 P=0.826 F1=0.888
    t=  59: QA R=0.946 P=0.872 F1=0.907  |  CL R=0.954 P=0.831 F1=0.888
    t=  72: QA R=0.938 P=0.885 F1=0.911  |  CL R=0.943 P=0.851 F1=0.894
  Summary (1 trials, 6 timesteps):
    Recall  — QA: 0.955 +/- 0.000  CL: 0.956 +/- 0.000
    Precision — QA: 0.828 +/- 0.000  CL: 0.830 +/- 0.000
    F1      — QA: 0.886  CL: 0.889
    IoU     — QA: 0.928 +/- 0.000  CL: 0.989 +/- 0.000

==================================================
--- MHD Rotor ---
  Trial 1/1
    t=  10: QA R=0.807 P=0.089 F1=0.161  |  CL R=0.994 P=0.104 F1=0.189
    t=  22: QA R=0.669 P=0.094 F1=0.164  |  CL R=0.803 P=0.097 F1=0.173
    t=  34: QA R=0.719 P=0.897 F1=0.798  |  CL R=0.733 P=0.996 F1=0.845
    t=  47: QA R=0.665 P=0.915 F1=0.770  |  CL R=0.757 P=0.991 F1=0.858
    t=  59: QA R=0.768 P=0.916 F1=0.836  |  CL R=0.778 P=0.983 F1=0.868
    t=  72: QA R=0.759 P=0.916 F1=0.830  |  CL R=0.791 P=0.976 F1=0.874
  Summary (1 trials, 6 timesteps):
    Recall  — QA: 0.731 +/- 0.000  CL: 0.809 +/- 0.000
    Precision — QA: 0.638 +/- 0.000  CL: 0.691 +/- 0.000
    F1      — QA: 0.593  CL: 0.635
    IoU     — QA: 0.610 +/- 0.000  CL: 0.772 +/- 0.000

==================================================
--- Orszag-Tang ---
  Trial 1/1
    t=  12: QA R=0.990 P=0.470 F1=0.637  |  CL R=0.998 P=0.466 F1=0.635
    t=  31: QA R=0.976 P=0.471 F1=0.635  |  CL R=0.997 P=0.465 F1=0.634
    t=  50: QA R=0.992 P=0.482 F1=0.649  |  CL R=0.999 P=0.468 F1=0.638
    t=  69: QA R=0.982 P=0.488 F1=0.652  |  CL R=1.000 P=0.468 F1=0.638
    t=  88: QA R=0.959 P=0.492 F1=0.651  |  CL R=1.000 P=0.477 F1=0.646
    t= 108: QA R=0.956 P=0.508 F1=0.663  |  CL R=1.000 P=0.478 F1=0.647
  Summary (1 trials, 6 timesteps):
    Recall  — QA: 0.976 +/- 0.000  CL: 0.999 +/- 0.000
    Precision — QA: 0.485 +/- 0.000  CL: 0.470 +/- 0.000
    F1      — QA: 0.648  CL: 0.640
    IoU     — QA: 0.912 +/- 0.000  CL: 0.976 +/- 0.000

Saved: /content/BA_Proj/figures_code/../figures/phase1/fig2_early_detection.png
