/usr/local/lib/python3.12/dist-packages/samplomatic/__init__.py:20: UserWarning: 
You have imported samplomatic==0.17.1 which is in 
beta development. Please expect breaking changes between 
minor versions and pin your dependencies accordingly.
  _warn_once_per_version(
Fig 7: Physical Fidelity (N=256, 15 AMR steps, 1 trials, depth=5)

--- Kelvin-Helmholtz (warmup=100) ---
  Trial 1/1
    step 0/15

--- Harris Tearing (warmup=80) ---
  Trial 1/1
    step 0/15

--- MHD Rotor (warmup=80) ---
  Trial 1/1
    step 0/15

--- Orszag-Tang (warmup=120) ---
  Trial 1/1
    step 0/15
  Final L2: QA=0.000002+/-0.000000  CL=0.000000+/-0.000000
  Final L2: QA=0.000010+/-0.000000  CL=0.000003+/-0.000000
  Final L2: QA=0.000957+/-0.000000  CL=0.000523+/-0.000000
  Final L2: QA=0.000160+/-0.000000  CL=0.000000+/-0.000000

Saved: /content/BA_Proj/figures_code/../figures/phase1/fig7_physical_fidelity.png
