Fig 16 — Decision Landscape
N=256, threshold=0.1496


==================================================
Kelvin-Helmholtz (KH):
  Cells: 884  |  Flips: 137 (15.5%)
  QAOA correct: 543/884 (61.4%)
  Classical correct: 574/884 (64.9%)
  Net: Classical by 31 cells
  QAOA adds refinement: 91 (8 correct)
  QAOA removes refinement: 46 (45 correct)
  GT threshold (mean error): 0.0454

==================================================
Harris Tearing (Tearing):
  Cells: 588  |  Flips: 111 (18.9%)
  QAOA correct: 457/588 (77.7%)
  Classical correct: 476/588 (81.0%)
  Net: Classical by 19 cells
  QAOA adds refinement: 95 (30 correct)
  QAOA removes refinement: 16 (16 correct)
  GT threshold (mean error): 0.0638

==================================================
MHD Rotor (Rotor):
  Cells: 252  |  Flips: 80 (31.7%)
  QAOA correct: 177/252 (70.2%)
  Classical correct: 189/252 (75.0%)
  Net: Classical by 12 cells
  QAOA adds refinement: 60 (23 correct)
  QAOA removes refinement: 20 (11 correct)
  GT threshold (mean error): 0.4381

==================================================
Orszag-Tang (OT):
  Cells: 432  |  Flips: 144 (33.3%)
  QAOA correct: 302/432 (69.9%)
  Classical correct: 292/432 (67.6%)
  Net: Q-HAS by 10 cells
  QAOA adds refinement: 105 (49 correct)
  QAOA removes refinement: 39 (28 correct)
  GT threshold (mean error): 0.2572