/usr/local/lib/python3.12/dist-packages/samplomatic/__init__.py:20: UserWarning: 
You have imported samplomatic==0.17.1 which is in 
beta development. Please expect breaking changes between 
minor versions and pin your dependencies accordingly.
  _warn_once_per_version(
Fig 4: Comprehensive Comparison (N=256, 3 trials)
  Q-HAS threshold:     0.1496
  Classical threshold:  0.1496

--- Kelvin-Helmholtz ---
  QA: cap=0.951 prec=0.722 rec=0.975 comp=0.730
  CL: cap=0.968 prec=0.683 rec=1.000 comp=0.836

--- Harris Tearing ---
  QA: cap=0.992 prec=1.000 rec=0.842 comp=0.805
  CL: cap=0.984 prec=1.000 rec=0.865 comp=0.625

--- MHD Rotor ---
  QA: cap=0.975 prec=0.939 rec=0.679 comp=0.316
  CL: cap=0.971 prec=0.983 rec=0.834 comp=0.273

--- Orszag-Tang ---
  QA: cap=0.754 prec=0.728 rec=0.308 comp=0.677
  CL: cap=0.729 prec=0.777 rec=0.441 comp=0.621

Saved: /content/BA_Proj/figures_code/../figures/phase1/fig4_comprehensive_comparison.png

======================================================================
COMPREHENSIVE COMPARISON SUMMARY
Scenario             Metric             Q-HAS  Classical    Delta
----------------------------------------------------------------------
Kelvin-Helmholtz     Captured           0.951      0.968   -0.017
                     Precision          0.722      0.683   +0.039
                     Recall             0.975      1.000   -0.025
                     Compute            0.730      0.836   -0.105

Harris Tearing       Captured           0.992      0.984   +0.008
                     Precision          1.000      1.000   +0.000
                     Recall             0.842      0.865   -0.023
                     Compute            0.805      0.625   +0.180

MHD Rotor            Captured           0.975      0.971   +0.004
                     Precision          0.939      0.983   -0.044
                     Recall             0.679      0.834   -0.154
                     Compute            0.316      0.273   +0.042

Orszag-Tang          Captured           0.754      0.729   +0.024
                     Precision          0.728      0.777   -0.049
                     Recall             0.308      0.441   -0.133
                     Compute            0.677      0.621   +0.056

